// Jest Snapshot v1, https://goo.gl/fbAQLP

exports[`ThumbLink component, snapshot 1`] = `
<Link
  replace={false}
  to="/testPath/testName"
>
  <styled.img
    src="images/artists/testPath/thumb.testName"
  />
</Link>
`;
