// Jest Snapshot v1, https://goo.gl/fbAQLP

exports[`Thumb, styled component snapshot 1`] = `
.c0 {
  max-width: 200px;
  max-height: 200px;
}

<img
  className="c0"
/>
`;
