// Jest Snapshot v1, https://goo.gl/fbAQLP

exports[`HomeLink component, snapshot 1`] = `
<styled.div>
  <Link
    replace={false}
    to="/"
  >
    <styled.img
      alt="Home"
      src="test-file-stub"
    />
  </Link>
</styled.div>
`;
