// Jest Snapshot v1, https://goo.gl/fbAQLP

exports[`H1, styled component snapshot 1`] = `
.hGdliM {
  margin: 5px 0px 0px 50px;
}

<h1
  className="sc-bdVaJa hGdliM"
/>
`;
