// Jest Snapshot v1, https://goo.gl/fbAQLP

exports[`Header component snapshot 1`] = `
<styled.header>
  <HomeLink />
  <styled.h1>
    Ukiyo-e
  </styled.h1>
</styled.header>
`;
