// Jest Snapshot v1, https://goo.gl/fbAQLP

exports[`StyledHeader, styled component snapshot 1`] = `
.c0 {
  display: -webkit-box;
  display: -webkit-flex;
  display: -ms-flexbox;
  display: flex;
  vertical-align: center;
  padding: 10px 0px 20px 30px;
}

<header
  className="c0"
/>
`;
