// Jest Snapshot v1, https://goo.gl/fbAQLP

exports[`Gallery ARTIST_BY_PATH_QUERY has a known query shape 1`] = `
"query ArtistByPathQuery($path: String) {
  artistByPath(path: $path) {
    path
    paintings {
      title
      name
      genre
    }
  }
}
"
`;

exports[`Gallery component with data snapshot 1`] = `
<styled.div>
  <GenreChooser
    genres={
      Array [
        "city",
        "landscape",
      ]
    }
    onDeselectGenre={[Function]}
    onSelectGenre={[Function]}
    selectedGenres={
      Array [
        "city",
        "landscape",
      ]
    }
  />
  <Component
    artistPath="heroshige"
    paintings={
      Array [
        Object {
          "genre": "city",
          "name": "cotton_goods_shops_at_odemmacho.jpg",
          "title": "Cotton goods shops at odemmacho",
        },
        Object {
          "genre": "landscape",
          "name": "sudden_shower_over_shin-ohashi_bridge_and_atake.jpg",
          "title": "Sudden Shower over Shin-ÅŒhashi bridge and Atake",
        },
      ]
    }
  />
</styled.div>
`;

exports[`Gallery component without data snapshot 1`] = `
<div>
  loading...
</div>
`;

exports[`Gallery, enhanced component renders without crashing 1`] = `
<div>
  loading...
</div>
`;
