// Jest Snapshot v1, https://goo.gl/fbAQLP

exports[`Wrapper, styled component snapshot 1`] = `
.c0 {
  display: -webkit-box;
  display: -webkit-flex;
  display: -ms-flexbox;
  display: flex;
  -webkit-flex-flow: column;
  -ms-flex-flow: column;
  flex-flow: column;
  width: 100%;
}

<div
  className="c0"
/>
`;
