// Jest Snapshot v1, https://goo.gl/fbAQLP

exports[`ArtistNavItem component snapshot, shallow 1`] = `
<li>
  <Styled(NavLink)
    to="/testPath"
  >
    <h2>
      testName
    </h2>
  </Styled(NavLink)>
</li>
`;
