// Jest Snapshot v1, https://goo.gl/fbAQLP

exports[`ListItem component snapshot 1`] = `
<li>
  <a
    className="sc-bdVaJa hnXegR"
    href="/testPath"
    onClick={[Function]}
    style={undefined}
  >
    <h2>
      testName
    </h2>
  </a>
</li>
`;
