// Jest Snapshot v1, https://goo.gl/fbAQLP

exports[`ThumbContainer, styled component snapshot 1`] = `
.btXfyB {
  display: -webkit-box;
  display: -webkit-flex;
  display: -ms-flexbox;
  display: flex;
  -webkit-box-pack: center;
  -webkit-justify-content: center;
  -ms-flex-pack: center;
  justify-content: center;
  -webkit-align-items: center;
  -webkit-box-align: center;
  -ms-flex-align: center;
  align-items: center;
  width: 200px;
  height: 200px;
}

<div
  className="sc-bdVaJa btXfyB"
/>
`;
