// Jest Snapshot v1, https://goo.gl/fbAQLP

exports[`Wrapper, styled component snapshot 1`] = `
.lfDEZX {
  display: -webkit-box;
  display: -webkit-flex;
  display: -ms-flexbox;
  display: flex;
  -webkit-flex-flow: column;
  -ms-flex-flow: column;
  flex-flow: column;
  -webkit-align-items: center;
  -webkit-box-align: center;
  -ms-flex-align: center;
  align-items: center;
  margin: 0px 20px 20px 20px;
}

<section
  className="sc-bdVaJa lfDEZX"
/>
`;
