// Jest Snapshot v1, https://goo.gl/fbAQLP

exports[`Image, styled component snapshot 1`] = `
.OThze {
  height: 700px;
}

<img
  className="sc-bdVaJa OThze"
/>
`;
