// Jest Snapshot v1, https://goo.gl/fbAQLP

exports[`List component snapshot 1`] = `
<styled.article>
  <Route
    component={[Function]}
    exact={true}
    path="/"
  />
  <Route
    component={[Function]}
    path="/:artistName"
  />
</styled.article>
`;
