// Jest Snapshot v1, https://goo.gl/fbAQLP

exports[`ListItem component snapshot 1`] = `
<li
  className="jhggzq"
>
  <a
    href="/testName"
    onClick={[Function]}
  >
    <h3
      className="gGYiFP"
      selected={true}
    >
      testName
    </h3>
  </a>
</li>
`;
