// Jest Snapshot v1, https://goo.gl/fbAQLP

exports[`Name component snapshot 1`] = `
<h3
  className="kWykOr"
/>
`;
