// Jest Snapshot v1, https://goo.gl/fbAQLP

exports[`Gallery component snapshot 1`] = `
<article>
  Heroshige
</article>
`;
