// Jest Snapshot v1, https://goo.gl/fbAQLP

exports[`Main, styled component snapshot 1`] = `
.c0 {
  display: -webkit-box;
  display: -webkit-flex;
  display: -ms-flexbox;
  display: flex;
}

<main
  className="c0"
/>
`;
