// Jest Snapshot v1, https://goo.gl/fbAQLP

exports[`Image, styled component snapshot 1`] = `
.cIgxbD {
  max-width: 100%;
  max-height: 700px;
  margin: auto;
}

<img
  className="sc-bdVaJa cIgxbD"
/>
`;
