// Jest Snapshot v1, https://goo.gl/fbAQLP

exports[`PaintingViewer component snapshot 1`] = `
<styled.img
  alt=""
  src="/images/artiststestUrl"
/>
`;
