// Jest Snapshot v1, https://goo.gl/fbAQLP

exports[`Image, styled component snapshot 1`] = `
.c0 {
  height: 700px;
}

<img
  className="c0"
/>
`;
