// Jest Snapshot v1, https://goo.gl/fbAQLP

exports[`Home component snapshot 1`] = `
<styled.div>
  <Introduction />
  <styled.img
    src="test-file-stub"
  />
</styled.div>
`;
