// Jest Snapshot v1, https://goo.gl/fbAQLP

exports[`Li component snapshot 1`] = `
<li
  className="bfXghp"
/>
`;
