// Jest Snapshot v1, https://goo.gl/fbAQLP

exports[`Ul component snapshot 1`] = `
<ul
  className="ihkFxl"
/>
`;
