// Jest Snapshot v1, https://goo.gl/fbAQLP

exports[`GalleryItem component, snapshot 1`] = `
<styled.section>
  <styled.div>
    <ThumbLink
      artistPath="testPath"
      paintingName="testName.jpg"
    />
  </styled.div>
  <styled.div>
    testTitle
  </styled.div>
</styled.section>
`;
