// Jest Snapshot v1, https://goo.gl/fbAQLP

exports[`Title, styled component snapshot 1`] = `
.c0 {
  width: 180px;
  text-align: center;
  font-weight: bold;
}

<div
  className="c0"
/>
`;
