// Jest Snapshot v1, https://goo.gl/fbAQLP

exports[`P, styled component snapshot 1`] = `
.c0 {
  -webkit-text-indent: 50px;
  text-indent: 50px;
}

<p
  className="c0"
/>
`;
