// Jest Snapshot v1, https://goo.gl/fbAQLP

exports[`Wrapper, styled component snapshot 1`] = `
.c0 {
  font-size: 20px;
  padding: 10px 30px;
}

<div
  className="c0"
/>
`;
