// Jest Snapshot v1, https://goo.gl/fbAQLP

exports[`CheckboxWrapper, styled component snapshot 1`] = `
.bePfnC {
  margin-right: 10px;
}

.bePfnC > label {
  font-weight: bold;
  margin-left: 5px;
  vertical-align: -1px;
}

<div
  className="sc-bdVaJa bePfnC"
/>
`;
