// Jest Snapshot v1, https://goo.gl/fbAQLP

exports[`Wrapper, styled component snapshot 1`] = `
.c0 {
  display: -webkit-box;
  display: -webkit-flex;
  display: -ms-flexbox;
  display: flex;
  -webkit-box-pack: start;
  -webkit-justify-content: flex-start;
  -ms-flex-pack: start;
  justify-content: flex-start;
  -webkit-align-items: center;
  -webkit-box-align: center;
  -ms-flex-align: center;
  align-items: center;
  height: 40px;
  margin-bottom: 20px;
  border: 1px solid black;
  border-radius: 5px;
}

<span
  className="c0"
/>
`;
