// Jest Snapshot v1, https://goo.gl/fbAQLP

exports[`Wrapper, styled component snapshot 1`] = `
.erSRMf {
  display: -webkit-box;
  display: -webkit-flex;
  display: -ms-flexbox;
  display: flex;
  -webkit-flex-wrap: wrap;
  -ms-flex-wrap: wrap;
  flex-wrap: wrap;
}

<div
  className="sc-bdVaJa erSRMf"
/>
`;
