// Jest Snapshot v1, https://goo.gl/fbAQLP

exports[`CheckboxWrapper, styled component snapshot 1`] = `
.c0 {
  margin-right: 10px;
}

.c0 > label {
  font-weight: bold;
  margin-left: 5px;
  vertical-align: -1px;
}

<div
  className="c0"
/>
`;
